{
  "version": "1.5.0",
  "plugins_used": [
    {
      "name": "ArtifactoryDetector"
    },
    {
      "name": "AWSKeyDetector"
    },
    {
      "name": "AzureStorageKeyDetector"
    },
    {
      "name": "Base64HighEntropyString",
      "limit": 4.5
    },
    {
      "name": "BasicAuthDetector"
    },
    {
      "name": "CloudantDetector"
    },
    {
      "name": "DiscordBotTokenDetector"
    },
    {
      "name": "GitHubTokenDetector"
    },
    {
      "name": "GitLabTokenDetector"
    },
    {
      "name": "HexHighEntropyString",
      "limit": 3.0
    },
    {
      "name": "IbmCloudIamDetector"
    },
    {
      "name": "IbmCosHmacDetector"
    },
    {
      "name": "IPPublicDetector"
    },
    {
      "name": "JwtTokenDetector"
    },
    {
      "name": "KeywordDetector",
      "keyword_exclude": ""
    },
    {
      "name": "MailchimpDetector"
    },
    {
      "name": "NpmDetector"
    },
    {
      "name": "OpenAIDetector"
    },
    {
      "name": "PrivateKeyDetector"
    },
    {
      "name": "PypiTokenDetector"
    },
    {
      "name": "SendGridDetector"
    },
    {
      "name": "SlackDetector"
    },
    {
      "name": "SoftlayerDetector"
    },
    {
      "name": "SquareOAuthDetector"
    },
    {
      "name": "StripeDetector"
    },
    {
      "name": "TelegramBotTokenDetector"
    },
    {
      "name": "TwilioKeyDetector"
    }
  ],
  "filters_used": [
    {
      "path": "detect_secrets.filters.allowlist.is_line_allowlisted"
    },
    {
      "path": "detect_secrets.filters.common.is_baseline_file",
      "filename": "backend/.secrets.baseline"
    },
    {
      "path": "detect_secrets.filters.common.is_ignored_due_to_verification_policies",
      "min_level": 2
    },
    {
      "path": "detect_secrets.filters.heuristic.is_indirect_reference"
    },
    {
      "path": "detect_secrets.filters.heuristic.is_likely_id_string"
    },
    {
      "path": "detect_secrets.filters.heuristic.is_lock_file"
    },
    {
      "path": "detect_secrets.filters.heuristic.is_not_alphanumeric_string"
    },
    {
      "path": "detect_secrets.filters.heuristic.is_potential_uuid"
    },
    {
      "path": "detect_secrets.filters.heuristic.is_prefixed_with_dollar_sign"
    },
    {
      "path": "detect_secrets.filters.heuristic.is_sequential_string"
    },
    {
      "path": "detect_secrets.filters.heuristic.is_swagger_file"
    },
    {
      "path": "detect_secrets.filters.heuristic.is_templated_secret"
    },
    {
      "path": "detect_secrets.filters.regex.should_exclude_file",
      "pattern": [
        "backend/\\.venv/.*",
        "backend/staticfiles/.*",
        "backend/htmlcov/.*",
        ".*\\.min\\.js",
        ".*/migrations/.*",
        "backend/\\.secrets\\.baseline"
      ]
    }
  ],
  "results": {
    "backend/apiSystem/apiSystem/settings.py": [
      {
        "type": "Secret Keyword",
        "filename": "backend/apiSystem/apiSystem/settings.py",
        "hashed_secret": "683750bd929d6fee1d9ce156004983d25ec07082",
        "is_verified": false,
        "line_number": 40
      }
    ],
    "backend/apps/automation/services/chat/_feishu_token_mixin.py": [
      {
        "type": "Secret Keyword",
        "filename": "backend/apps/automation/services/chat/_feishu_token_mixin.py",
        "hashed_secret": "b49866c639810f3d15b5f20626481fa24c67e04c",
        "is_verified": false,
        "line_number": 34
      }
    ],
    "backend/apps/automation/services/chat/owner_config_manager.py": [
      {
        "type": "Secret Keyword",
        "filename": "backend/apps/automation/services/chat/owner_config_manager.py",
        "hashed_secret": "b49866c639810f3d15b5f20626481fa24c67e04c",
        "is_verified": false,
        "line_number": 75
      }
    ],
    "backend/apps/client/services/identity_extraction/prompts.py": [
      {
        "type": "Hex High Entropy String",
        "filename": "backend/apps/client/services/identity_extraction/prompts.py",
        "hashed_secret": "90bd65892643e7bc6c3df530f9846a841b4a5a09",
        "is_verified": false,
        "line_number": 78
      },
      {
        "type": "Hex High Entropy String",
        "filename": "backend/apps/client/services/identity_extraction/prompts.py",
        "hashed_secret": "804ec071803318791b835cffd6e509c8d32239db",
        "is_verified": false,
        "line_number": 104
      }
    ],
    "backend/apps/contracts/tests/test_preservation_property.py": [
      {
        "type": "Secret Keyword",
        "filename": "backend/apps/contracts/tests/test_preservation_property.py",
        "hashed_secret": "1c58bd92003bbaa0538e249fff6ee19a270dec5f",
        "is_verified": false,
        "line_number": 307
      }
    ],
    "backend/apps/contracts/tests/test_strict_audit_preservation.py": [
      {
        "type": "Secret Keyword",
        "filename": "backend/apps/contracts/tests/test_strict_audit_preservation.py",
        "hashed_secret": "1c58bd92003bbaa0538e249fff6ee19a270dec5f",
        "is_verified": false,
        "line_number": 266
      }
    ],
    "backend/apps/core/admin/_system_config_data/_feishu_configs.py": [
      {
        "type": "Base64 High Entropy String",
        "filename": "backend/apps/core/admin/_system_config_data/_feishu_configs.py",
        "hashed_secret": "82d75dd92af9da2efa723ff85a826b779d8abba1",
        "is_verified": false,
        "line_number": 23
      }
    ],
    "backend/apps/core/config.example.yaml": [
      {
        "type": "Secret Keyword",
        "filename": "backend/apps/core/config.example.yaml",
        "hashed_secret": "2a89fe29fe8532f0e058593be4432e8a4c1b458a",
        "is_verified": false,
        "line_number": 29
      },
      {
        "type": "Secret Keyword",
        "filename": "backend/apps/core/config.example.yaml",
        "hashed_secret": "04e110541a2e8b44bc10939bfaf5d82adfe45158",
        "is_verified": false,
        "line_number": 40
      },
      {
        "type": "Secret Keyword",
        "filename": "backend/apps/core/config.example.yaml",
        "hashed_secret": "a689ff17f5efc06f17529f4c5a1a67e0e9b1faaa",
        "is_verified": false,
        "line_number": 47
      },
      {
        "type": "Secret Keyword",
        "filename": "backend/apps/core/config.example.yaml",
        "hashed_secret": "fdff13ffdd12556f3ac3eb15c2ebe38b5c6aac0c",
        "is_verified": false,
        "line_number": 58
      },
      {
        "type": "Secret Keyword",
        "filename": "backend/apps/core/config.example.yaml",
        "hashed_secret": "b7d9488448fc69fd2f14da7a00bf4306226d8c44",
        "is_verified": false,
        "line_number": 84
      },
      {
        "type": "Secret Keyword",
        "filename": "backend/apps/core/config.example.yaml",
        "hashed_secret": "f636d1bd4ccc77f5249d7a4f526d248a5f8f248e",
        "is_verified": false,
        "line_number": 98
      },
      {
        "type": "Secret Keyword",
        "filename": "backend/apps/core/config.example.yaml",
        "hashed_secret": "0569eb9cd6742cb6f9d71860120ac480a54f0c98",
        "is_verified": false,
        "line_number": 109
      },
      {
        "type": "Secret Keyword",
        "filename": "backend/apps/core/config.example.yaml",
        "hashed_secret": "227321ff03def47fc253387a55083f9b3bae694b",
        "is_verified": false,
        "line_number": 537
      }
    ],
    "backend/apps/core/config.yaml": [
      {
        "type": "Secret Keyword",
        "filename": "backend/apps/core/config.yaml",
        "hashed_secret": "14ae24c642cd8530cb8038013df74cf51e6d4272",
        "is_verified": false,
        "line_number": 33
      }
    ],
    "backend/apps/core/config/config.example.yaml": [
      {
        "type": "Secret Keyword",
        "filename": "backend/apps/core/config/config.example.yaml",
        "hashed_secret": "2a89fe29fe8532f0e058593be4432e8a4c1b458a",
        "is_verified": false,
        "line_number": 29
      },
      {
        "type": "Secret Keyword",
        "filename": "backend/apps/core/config/config.example.yaml",
        "hashed_secret": "a689ff17f5efc06f17529f4c5a1a67e0e9b1faaa",
        "is_verified": false,
        "line_number": 43
      },
      {
        "type": "Secret Keyword",
        "filename": "backend/apps/core/config/config.example.yaml",
        "hashed_secret": "fdff13ffdd12556f3ac3eb15c2ebe38b5c6aac0c",
        "is_verified": false,
        "line_number": 57
      },
      {
        "type": "Secret Keyword",
        "filename": "backend/apps/core/config/config.example.yaml",
        "hashed_secret": "b7d9488448fc69fd2f14da7a00bf4306226d8c44",
        "is_verified": false,
        "line_number": 82
      },
      {
        "type": "Secret Keyword",
        "filename": "backend/apps/core/config/config.example.yaml",
        "hashed_secret": "f636d1bd4ccc77f5249d7a4f526d248a5f8f248e",
        "is_verified": false,
        "line_number": 96
      },
      {
        "type": "Secret Keyword",
        "filename": "backend/apps/core/config/config.example.yaml",
        "hashed_secret": "0569eb9cd6742cb6f9d71860120ac480a54f0c98",
        "is_verified": false,
        "line_number": 110
      },
      {
        "type": "Secret Keyword",
        "filename": "backend/apps/core/config/config.example.yaml",
        "hashed_secret": "227321ff03def47fc253387a55083f9b3bae694b",
        "is_verified": false,
        "line_number": 530
      }
    ],
    "backend/apps/core/config/config.yaml": [
      {
        "type": "Secret Keyword",
        "filename": "backend/apps/core/config/config.yaml",
        "hashed_secret": "14ae24c642cd8530cb8038013df74cf51e6d4272",
        "is_verified": false,
        "line_number": 33
      }
    ],
    "backend/apps/core/llm/exceptions.py": [
      {
        "type": "Secret Keyword",
        "filename": "backend/apps/core/llm/exceptions.py",
        "hashed_secret": "5a0a6d2e6f5f4440b1ca8cfa635fa3896bf36725",
        "is_verified": false,
        "line_number": 94
      }
    ],
    "backend/apps/documents/tests/test_preservation_round2.py": [
      {
        "type": "Base64 High Entropy String",
        "filename": "backend/apps/documents/tests/test_preservation_round2.py",
        "hashed_secret": "79a8afbe72a1d989b83ec4dbb7ad80356e1b43ff",
        "is_verified": false,
        "line_number": 518
      }
    ],
    "backend/apps/organization/README.md": [
      {
        "type": "Secret Keyword",
        "filename": "backend/apps/organization/README.md",
        "hashed_secret": "696bc0f488064726c1ee399095fc6ec8b469cdbf",
        "is_verified": false,
        "line_number": 119
      }
    ],
    "backend/apps/organization/services/lawyer_resolve_service.py": [
      {
        "type": "Secret Keyword",
        "filename": "backend/apps/organization/services/lawyer_resolve_service.py",
        "hashed_secret": "19485e369c691fa8ece1fabc8a6ceabfb5666b79",
        "is_verified": false,
        "line_number": 14
      }
    ],
    "backend/apps/organization/tests/test_preservation_quality.py": [
      {
        "type": "Secret Keyword",
        "filename": "backend/apps/organization/tests/test_preservation_quality.py",
        "hashed_secret": "1c58bd92003bbaa0538e249fff6ee19a270dec5f",
        "is_verified": false,
        "line_number": 212
      },
      {
        "type": "Secret Keyword",
        "filename": "backend/apps/organization/tests/test_preservation_quality.py",
        "hashed_secret": "f0578f1e7174b1a41c4ea8c6e17f7a8a3b88c92a",
        "is_verified": false,
        "line_number": 220
      },
      {
        "type": "Secret Keyword",
        "filename": "backend/apps/organization/tests/test_preservation_quality.py",
        "hashed_secret": "8be52126a6fde450a7162a3651d589bb51e9579d",
        "is_verified": false,
        "line_number": 227
      },
      {
        "type": "Secret Keyword",
        "filename": "backend/apps/organization/tests/test_preservation_quality.py",
        "hashed_secret": "9d4e1e23bd5b727046a9e3b4b7db57bd8d6ee684",
        "is_verified": false,
        "line_number": 282
      }
    ],
    "backend/apps/reminders/tests/test_reminder_service_and_adapter.py": [
      {
        "type": "Secret Keyword",
        "filename": "backend/apps/reminders/tests/test_reminder_service_and_adapter.py",
        "hashed_secret": "7b1474b2616636c4a331370f1a9188cfd4d5f467",
        "is_verified": false,
        "line_number": 25
      }
    ],
    "backend/conftest.py": [
      {
        "type": "Secret Keyword",
        "filename": "backend/conftest.py",
        "hashed_secret": "1c58bd92003bbaa0538e249fff6ee19a270dec5f",
        "is_verified": false,
        "line_number": 98
      }
    ],
    "backend/scripts/filing/test_filing.py": [
      {
        "type": "Base64 High Entropy String",
        "filename": "backend/scripts/filing/test_filing.py",
        "hashed_secret": "2fbef31ec121d5285f3a6e9fbb55fb4b23b1b983",
        "is_verified": false,
        "line_number": 11
      },
      {
        "type": "Base64 High Entropy String",
        "filename": "backend/scripts/filing/test_filing.py",
        "hashed_secret": "eae525efa0b61b12d1b13a7f020e7ddcbbf06d20",
        "is_verified": false,
        "line_number": 12
      },
      {
        "type": "Secret Keyword",
        "filename": "backend/scripts/filing/test_filing.py",
        "hashed_secret": "6cb404959e1382526ab26b0b0ecf8d4576cf1aab",
        "is_verified": false,
        "line_number": 29
      }
    ],
    "backend/scripts/filing/test_filing_real.py": [
      {
        "type": "Base64 High Entropy String",
        "filename": "backend/scripts/filing/test_filing_real.py",
        "hashed_secret": "2fbef31ec121d5285f3a6e9fbb55fb4b23b1b983",
        "is_verified": false,
        "line_number": 12
      },
      {
        "type": "Base64 High Entropy String",
        "filename": "backend/scripts/filing/test_filing_real.py",
        "hashed_secret": "eae525efa0b61b12d1b13a7f020e7ddcbbf06d20",
        "is_verified": false,
        "line_number": 13
      },
      {
        "type": "Secret Keyword",
        "filename": "backend/scripts/filing/test_filing_real.py",
        "hashed_secret": "6cb404959e1382526ab26b0b0ecf8d4576cf1aab",
        "is_verified": false,
        "line_number": 39
      }
    ],
    "backend/scripts/test_filing_check.py": [
      {
        "type": "Secret Keyword",
        "filename": "backend/scripts/test_filing_check.py",
        "hashed_secret": "6cb404959e1382526ab26b0b0ecf8d4576cf1aab",
        "is_verified": false,
        "line_number": 23
      }
    ],
    "backend/tests/e2e/admin/base_admin_test.py": [
      {
        "type": "Secret Keyword",
        "filename": "backend/tests/e2e/admin/base_admin_test.py",
        "hashed_secret": "9fb7fe1217aed442b04c0f5e43b5d5a7d3287097",
        "is_verified": false,
        "line_number": 20
      }
    ],
    "backend/tests/integration/automation/test_admin_basic.py": [
      {
        "type": "Secret Keyword",
        "filename": "backend/tests/integration/automation/test_admin_basic.py",
        "hashed_secret": "1c58bd92003bbaa0538e249fff6ee19a270dec5f",
        "is_verified": false,
        "line_number": 24
      }
    ],
    "backend/tests/integration/automation/test_auto_login_integration.py": [
      {
        "type": "Secret Keyword",
        "filename": "backend/tests/integration/automation/test_auto_login_integration.py",
        "hashed_secret": "9fb7fe1217aed442b04c0f5e43b5d5a7d3287097",
        "is_verified": false,
        "line_number": 62
      }
    ],
    "backend/tests/integration/automation/test_automation_crud_api.py": [
      {
        "type": "Secret Keyword",
        "filename": "backend/tests/integration/automation/test_automation_crud_api.py",
        "hashed_secret": "9fb7fe1217aed442b04c0f5e43b5d5a7d3287097",
        "is_verified": false,
        "line_number": 117
      }
    ],
    "backend/tests/integration/automation/test_court_sms_admin_integration.py": [
      {
        "type": "Secret Keyword",
        "filename": "backend/tests/integration/automation/test_court_sms_admin_integration.py",
        "hashed_secret": "5baa61e4c9b93f3f0682250b6cf8331b7ee68fd8",
        "is_verified": false,
        "line_number": 27
      }
    ],
    "backend/tests/integration/automation/test_manual_case_binding_integration.py": [
      {
        "type": "Secret Keyword",
        "filename": "backend/tests/integration/automation/test_manual_case_binding_integration.py",
        "hashed_secret": "1c58bd92003bbaa0538e249fff6ee19a270dec5f",
        "is_verified": false,
        "line_number": 37
      }
    ],
    "backend/tests/integration/automation/test_preservation_quote_api.py": [
      {
        "type": "Secret Keyword",
        "filename": "backend/tests/integration/automation/test_preservation_quote_api.py",
        "hashed_secret": "9fb7fe1217aed442b04c0f5e43b5d5a7d3287097",
        "is_verified": false,
        "line_number": 67
      }
    ],
    "backend/tests/integration/automation/test_token_acquisition_admin.py": [
      {
        "type": "Secret Keyword",
        "filename": "backend/tests/integration/automation/test_token_acquisition_admin.py",
        "hashed_secret": "1c58bd92003bbaa0538e249fff6ee19a270dec5f",
        "is_verified": false,
        "line_number": 27
      },
      {
        "type": "Secret Keyword",
        "filename": "backend/tests/integration/automation/test_token_acquisition_admin.py",
        "hashed_secret": "9fb7fe1217aed442b04c0f5e43b5d5a7d3287097",
        "is_verified": false,
        "line_number": 42
      }
    ],
    "backend/tests/integration/client/test_client_api.py": [
      {
        "type": "Secret Keyword",
        "filename": "backend/tests/integration/client/test_client_api.py",
        "hashed_secret": "1c58bd92003bbaa0538e249fff6ee19a270dec5f",
        "is_verified": false,
        "line_number": 28
      }
    ],
    "backend/tests/integration/client/test_client_crud_api.py": [
      {
        "type": "Hex High Entropy String",
        "filename": "backend/tests/integration/client/test_client_crud_api.py",
        "hashed_secret": "a7f4d0b900e53a62b4184c44fc4e0f1c0c1b6ae7",
        "is_verified": false,
        "line_number": 72
      }
    ],
    "backend/tests/integration/organization/test_credential_api.py": [
      {
        "type": "Secret Keyword",
        "filename": "backend/tests/integration/organization/test_credential_api.py",
        "hashed_secret": "cbfdac6008f9cab4083784cbd1874f76618d2a97",
        "is_verified": false,
        "line_number": 41
      },
      {
        "type": "Secret Keyword",
        "filename": "backend/tests/integration/organization/test_credential_api.py",
        "hashed_secret": "0c6f6845bb8c62b778e9147c272ac4b5bdb9ae71",
        "is_verified": false,
        "line_number": 49
      },
      {
        "type": "Secret Keyword",
        "filename": "backend/tests/integration/organization/test_credential_api.py",
        "hashed_secret": "a8af4759392d4f7496d613174f33afe2074a4b8d",
        "is_verified": false,
        "line_number": 225
      },
      {
        "type": "Secret Keyword",
        "filename": "backend/tests/integration/organization/test_credential_api.py",
        "hashed_secret": "9d4e1e23bd5b727046a9e3b4b7db57bd8d6ee684",
        "is_verified": false,
        "line_number": 250
      }
    ],
    "backend/tests/integration/organization/test_lawyer_api.py": [
      {
        "type": "Secret Keyword",
        "filename": "backend/tests/integration/organization/test_lawyer_api.py",
        "hashed_secret": "1c58bd92003bbaa0538e249fff6ee19a270dec5f",
        "is_verified": false,
        "line_number": 69
      }
    ],
    "backend/tests/property/automation/test_auto_token_acquisition_properties.py": [
      {
        "type": "Secret Keyword",
        "filename": "backend/tests/property/automation/test_auto_token_acquisition_properties.py",
        "hashed_secret": "5baa61e4c9b93f3f0682250b6cf8331b7ee68fd8",
        "is_verified": false,
        "line_number": 41
      }
    ],
    "backend/tests/property/automation/test_auto_token_acquisition_properties_fixed.py": [
      {
        "type": "Secret Keyword",
        "filename": "backend/tests/property/automation/test_auto_token_acquisition_properties_fixed.py",
        "hashed_secret": "5baa61e4c9b93f3f0682250b6cf8331b7ee68fd8",
        "is_verified": false,
        "line_number": 34
      }
    ],
    "backend/tests/property/automation/test_auto_token_acquisition_simple_properties.py": [
      {
        "type": "Secret Keyword",
        "filename": "backend/tests/property/automation/test_auto_token_acquisition_simple_properties.py",
        "hashed_secret": "5baa61e4c9b93f3f0682250b6cf8331b7ee68fd8",
        "is_verified": false,
        "line_number": 40
      }
    ],
    "backend/tests/property/automation/test_auto_token_basic_properties.py": [
      {
        "type": "Secret Keyword",
        "filename": "backend/tests/property/automation/test_auto_token_basic_properties.py",
        "hashed_secret": "5baa61e4c9b93f3f0682250b6cf8331b7ee68fd8",
        "is_verified": false,
        "line_number": 41
      }
    ],
    "backend/tests/unit/automation/test_account_selection_strategy.py": [
      {
        "type": "Secret Keyword",
        "filename": "backend/tests/unit/automation/test_account_selection_strategy.py",
        "hashed_secret": "5baa61e4c9b93f3f0682250b6cf8331b7ee68fd8",
        "is_verified": false,
        "line_number": 77
      }
    ],
    "backend/tests/unit/automation/test_auto_login_service.py": [
      {
        "type": "Secret Keyword",
        "filename": "backend/tests/unit/automation/test_auto_login_service.py",
        "hashed_secret": "9fb7fe1217aed442b04c0f5e43b5d5a7d3287097",
        "is_verified": false,
        "line_number": 18
      }
    ],
    "backend/tests/unit/automation/test_auto_token_acquisition_service.py": [
      {
        "type": "Secret Keyword",
        "filename": "backend/tests/unit/automation/test_auto_token_acquisition_service.py",
        "hashed_secret": "9fb7fe1217aed442b04c0f5e43b5d5a7d3287097",
        "is_verified": false,
        "line_number": 28
      }
    ],
    "backend/tests/unit/automation/test_court_sms_admin.py": [
      {
        "type": "Secret Keyword",
        "filename": "backend/tests/unit/automation/test_court_sms_admin.py",
        "hashed_secret": "5baa61e4c9b93f3f0682250b6cf8331b7ee68fd8",
        "is_verified": false,
        "line_number": 30
      }
    ],
    "backend/tests/unit/automation/test_list_quotes_query_optimization.py": [
      {
        "type": "Secret Keyword",
        "filename": "backend/tests/unit/automation/test_list_quotes_query_optimization.py",
        "hashed_secret": "9fb7fe1217aed442b04c0f5e43b5d5a7d3287097",
        "is_verified": false,
        "line_number": 63
      }
    ],
    "backend/tests/unit/automation/test_performance.py": [
      {
        "type": "Secret Keyword",
        "filename": "backend/tests/unit/automation/test_performance.py",
        "hashed_secret": "9fb7fe1217aed442b04c0f5e43b5d5a7d3287097",
        "is_verified": false,
        "line_number": 59
      }
    ],
    "backend/tests/unit/automation/test_performance_optimization.py": [
      {
        "type": "Secret Keyword",
        "filename": "backend/tests/unit/automation/test_performance_optimization.py",
        "hashed_secret": "b78f576611ec06f96af3ca654c22172a5d746c40",
        "is_verified": false,
        "line_number": 131
      }
    ],
    "backend/tests/unit/automation/test_preservation_quote_service.py": [
      {
        "type": "Secret Keyword",
        "filename": "backend/tests/unit/automation/test_preservation_quote_service.py",
        "hashed_secret": "9fb7fe1217aed442b04c0f5e43b5d5a7d3287097",
        "is_verified": false,
        "line_number": 69
      }
    ],
    "backend/tests/unit/automation/test_token_acquisition_history_scrub.py": [
      {
        "type": "Base64 High Entropy String",
        "filename": "backend/tests/unit/automation/test_token_acquisition_history_scrub.py",
        "hashed_secret": "a9ee867542028dc30b2d6bd7146f6258c31ed99e",
        "is_verified": false,
        "line_number": 24
      },
      {
        "type": "Secret Keyword",
        "filename": "backend/tests/unit/automation/test_token_acquisition_history_scrub.py",
        "hashed_secret": "a9ee867542028dc30b2d6bd7146f6258c31ed99e",
        "is_verified": false,
        "line_number": 24
      }
    ],
    "backend/tests/unit/automation/test_token_cache_manager.py": [
      {
        "type": "Secret Keyword",
        "filename": "backend/tests/unit/automation/test_token_cache_manager.py",
        "hashed_secret": "dee81e7c5c34ddc8bc53cef591410d3db6dacd46",
        "is_verified": false,
        "line_number": 132
      }
    ],
    "backend/tests/unit/automation/test_token_reuse_property.py": [
      {
        "type": "Secret Keyword",
        "filename": "backend/tests/unit/automation/test_token_reuse_property.py",
        "hashed_secret": "9fb7fe1217aed442b04c0f5e43b5d5a7d3287097",
        "is_verified": false,
        "line_number": 74
      }
    ],
    "backend/tests/unit/client/test_identity_doc_api.py": [
      {
        "type": "Hex High Entropy String",
        "filename": "backend/tests/unit/client/test_identity_doc_api.py",
        "hashed_secret": "90bd65892643e7bc6c3df530f9846a841b4a5a09",
        "is_verified": false,
        "line_number": 89
      }
    ],
    "backend/tests/unit/core/config/test_django_runtime_security_config.py": [
      {
        "type": "Secret Keyword",
        "filename": "backend/tests/unit/core/config/test_django_runtime_security_config.py",
        "hashed_secret": "683750bd929d6fee1d9ce156004983d25ec07082",
        "is_verified": false,
        "line_number": 6
      }
    ],
    "backend/tests/unit/core/config/test_migration_integration.py": [
      {
        "type": "Secret Keyword",
        "filename": "backend/tests/unit/core/config/test_migration_integration.py",
        "hashed_secret": "1931e5c5e78ae2290598cd0a742cea9de6e44334",
        "is_verified": false,
        "line_number": 102
      }
    ],
    "backend/tests/unit/core/test_llm_config_moonshot.py": [
      {
        "type": "Secret Keyword",
        "filename": "backend/tests/unit/core/test_llm_config_moonshot.py",
        "hashed_secret": "3cfc38022ad024147f3b46f30729905310257572",
        "is_verified": false,
        "line_number": 18
      }
    ],
    "backend/tests/unit/core/test_sensitive_data_filter.py": [
      {
        "type": "Base64 High Entropy String",
        "filename": "backend/tests/unit/core/test_sensitive_data_filter.py",
        "hashed_secret": "edd2e7ac4f61d0c606e80a0919d727540842a307",
        "is_verified": false,
        "line_number": 20
      },
      {
        "type": "Base64 High Entropy String",
        "filename": "backend/tests/unit/core/test_sensitive_data_filter.py",
        "hashed_secret": "0e208bd36d5934c148e4c03d60224ce1faec4fda",
        "is_verified": false,
        "line_number": 40
      }
    ],
    "backend/tests/unit/litigation_ai/test_session_lifecycle_service.py": [
      {
        "type": "Secret Keyword",
        "filename": "backend/tests/unit/litigation_ai/test_session_lifecycle_service.py",
        "hashed_secret": "206c80413b9a96c1312cc346b7d2517b84463edd",
        "is_verified": false,
        "line_number": 26
      }
    ],
    "backend/tests/unit/onboarding/test_wizard_view.py": [
      {
        "type": "Secret Keyword",
        "filename": "backend/tests/unit/onboarding/test_wizard_view.py",
        "hashed_secret": "1c58bd92003bbaa0538e249fff6ee19a270dec5f",
        "is_verified": false,
        "line_number": 53
      }
    ],
    "backend/tests/unit/organization/test_auth_service_bootstrap.py": [
      {
        "type": "Secret Keyword",
        "filename": "backend/tests/unit/organization/test_auth_service_bootstrap.py",
        "hashed_secret": "b78f576611ec06f96af3ca654c22172a5d746c40",
        "is_verified": false,
        "line_number": 21
      },
      {
        "type": "Secret Keyword",
        "filename": "backend/tests/unit/organization/test_auth_service_bootstrap.py",
        "hashed_secret": "f187cebb22cb0444557b525de5b371e58e7199ef",
        "is_verified": false,
        "line_number": 49
      },
      {
        "type": "Secret Keyword",
        "filename": "backend/tests/unit/organization/test_auth_service_bootstrap.py",
        "hashed_secret": "c5fd961c9f737a955a308050062e7a2c34ee67c3",
        "is_verified": false,
        "line_number": 53
      }
    ],
    "backend/tests/unit/organization/test_lawyer_service.py": [
      {
        "type": "Secret Keyword",
        "filename": "backend/tests/unit/organization/test_lawyer_service.py",
        "hashed_secret": "1c58bd92003bbaa0538e249fff6ee19a270dec5f",
        "is_verified": false,
        "line_number": 30
      }
    ]
  },
  "generated_at": "2026-03-27T04:25:04Z"
}
